// Vitest Snapshot v1, https://vitest.dev/guide/snapshot.html

exports[`Header > matches the rendered snapshot 1`] = `
<div>
  <header
    class="_header_a5b977"
  >
    <h1
      class="_headerTitle_a5b977"
    >
      Charles X. Morrissey
    </h1>
    <p
      class="_headerText_a5b977"
    >
      I'm passionate about building user-facing web products and overcoming technical hurdles to ensure their success.
    </p>
  </header>
</div>
`;
